[dotenv@17.3.1] injecting env (8) from .env.development -- tip: ⚡️ secrets for agents: https://dotenvx.com/as2
[DB INIT] Loading configuration for environment: development

Testing bulk save with 50 answers...
Setting up test data...
node : Test runner failed: Error
At line:1 char:1
+ node test_bulk_save.js > 
test_output.txt 2>&1; Get-Content 
test_outpu ...
+ ~~~~~~~~~~~~~~~~~~~~~~~~~~~~~~~~~~
~~~~~~~~~~~
    + CategoryInfo          : NotSp 
   ecified: (Test runner failed: E  
  rror:String) [], RemoteExceptio   
 n
    + FullyQualifiedErrorId : Nativ 
   eCommandError
 
    at Query.run (D:\Premade_Assignm
ent-main\backend\node_modules\sequel
ize\lib\dialects\mysql\query.js:52:2
5)
    at D:\Premade_Assignment-main\ba
ckend\node_modules\sequelize\lib\seq
uelize.js:315:28
    at 
process.processTicksAndRejections (n
ode:internal/process/task_queues:103
:5)
    at async 
MySQLQueryInterface.upsert (D:\Prema
de_Assignment-main\backend\node_modu
les\sequelize\lib\dialects\mysql\que
ry-interface.js:43:12)
    at async User.upsert (D:\Premade
_Assignment-main\backend\node_module
s\sequelize\lib\model.js:1533:20)
    at async setupTestData (D:\Prema
de_Assignment-main\backend\test_bulk
_save.js:8:5)
    at async testBulkSave (D:\Premad
e_Assignment-main\backend\test_bulk_
save.js:44:41)
    at async runTests (D:\Premade_As
signment-main\backend\test_bulk_save
.js:93:9) {
  name: 
'SequelizeUniqueConstraintError',
  errors: [
    ValidationErrorItem {
      message: 'email must be 
unique',
      type: 'unique violation',
      path: 'email',
      value: 'admin@example.com',
      origin: 'DB',
      instance: [User],
      validatorKey: 'not_unique',
      validatorName: null,
      validatorArgs: []
    }
  ],
  parent: Error: Duplicate entry 
'admin@example.com' for key 
'users.email'
      at Packet.asError (D:\Premade_
Assignment-main\backend\node_modules
\mysql2\lib\packets\packet.js:739:17
)
      at Execute.execute (D:\Premade
_Assignment-main\backend\node_module
s\mysql2\lib\commands\command.js:29:
26)
      at Connection.handlePacket (D:
\Premade_Assignment-main\backend\nod
e_modules\mysql2\lib\base\connection
.js:508:34)
      at PacketParser.onPacket (D:\P
remade_Assignment-main\backend\node_
modules\mysql2\lib\base\connection.j
s:93:12)
      at PacketParser.executeStart (
D:\Premade_Assignment-main\backend\n
ode_modules\mysql2\lib\packet_parser
.js:75:16)
      at Socket.<anonymous> (D:\Prem
ade_Assignment-main\backend\node_mod
ules\mysql2\lib\base\connection.js:1
00:25)
      at Socket.emit 
(node:events:508:28)
      at addChunk (node:internal/str
eams/readable:559:12)
      at 
readableAddChunkPushByteMode (node:i
nternal/streams/readable:510:3)
      at Readable.push (node:interna
l/streams/readable:390:5) {
    code: 'ER_DUP_ENTRY',
    errno: 1062,
    sqlState: '23000',
    sqlMessage: "Duplicate entry 
'admin@example.com' for key 
'users.email'",
    sql: 'INSERT INTO `users` (`id`,
`name`,`email`,`password`,`status`,`
role_id`,`createdAt`,`updatedAt`) 
VALUES (?,?,?,?,?,?,?,?) ON 
DUPLICATE KEY UPDATE `id`=VALUES(`id
`),`name`=VALUES(`name`),`email`=VAL
UES(`email`),`password`=VALUES(`pass
word`),`role_id`=VALUES(`role_id`),`
updatedAt`=VALUES(`updatedAt`);',
    parameters: [
      1,
      'Admin',
      'admin@example.com',
      'password',
      'Active',
      1,
      '2026-03-16 10:24:57',
      '2026-03-16 10:24:57'
    ]
  },
  original: Error: Duplicate entry 
'admin@example.com' for key 
'users.email'
      at Packet.asError (D:\Premade_
Assignment-main\backend\node_modules
\mysql2\lib\packets\packet.js:739:17
)
      at Execute.execute (D:\Premade
_Assignment-main\backend\node_module
s\mysql2\lib\commands\command.js:29:
26)
      at Connection.handlePacket (D:
\Premade_Assignment-main\backend\nod
e_modules\mysql2\lib\base\connection
.js:508:34)
      at PacketParser.onPacket (D:\P
remade_Assignment-main\backend\node_
modules\mysql2\lib\base\connection.j
s:93:12)
      at PacketParser.executeStart (
D:\Premade_Assignment-main\backend\n
ode_modules\mysql2\lib\packet_parser
.js:75:16)
      at Socket.<anonymous> (D:\Prem
ade_Assignment-main\backend\node_mod
ules\mysql2\lib\base\connection.js:1
00:25)
      at Socket.emit 
(node:events:508:28)
      at addChunk (node:internal/str
eams/readable:559:12)
      at 
readableAddChunkPushByteMode (node:i
nternal/streams/readable:510:3)
      at Readable.push (node:interna
l/streams/readable:390:5) {
    code: 'ER_DUP_ENTRY',
    errno: 1062,
    sqlState: '23000',
    sqlMessage: "Duplicate entry 
'admin@example.com' for key 
'users.email'",
    sql: 'INSERT INTO `users` (`id`,
`name`,`email`,`password`,`status`,`
role_id`,`createdAt`,`updatedAt`) 
VALUES (?,?,?,?,?,?,?,?) ON 
DUPLICATE KEY UPDATE `id`=VALUES(`id
`),`name`=VALUES(`name`),`email`=VAL
UES(`email`),`password`=VALUES(`pass
word`),`role_id`=VALUES(`role_id`),`
updatedAt`=VALUES(`updatedAt`);',
    parameters: [
      1,
      'Admin',
      'admin@example.com',
      'password',
      'Active',
      1,
      '2026-03-16 10:24:57',
      '2026-03-16 10:24:57'
    ]
  },
  fields: { email: 
'admin@example.com' },
  sql: 'INSERT INTO `users` (`id`,`n
ame`,`email`,`password`,`status`,`ro
le_id`,`createdAt`,`updatedAt`) 
VALUES (?,?,?,?,?,?,?,?) ON 
DUPLICATE KEY UPDATE `id`=VALUES(`id
`),`name`=VALUES(`name`),`email`=VAL
UES(`email`),`password`=VALUES(`pass
word`),`role_id`=VALUES(`role_id`),`
updatedAt`=VALUES(`updatedAt`);'
}
